test1: https://example.com/test1
test2: https://example.com/test3
test4: https://example.com/test4
