test1: https://example.com/test1
test2: https://example.com/test3
